
> Configure project :
MixinGradle is skipping eclipse integration, extension not found
Java: 21.0.10, JVM: 21.0.10+7-LTS (Eclipse Adoptium), Arch: amd64

> Task :downloadMcpConfig
> Task :extractSrg UP-TO-DATE
> Task :createMcpToSrg UP-TO-DATE
./gradlew : Note: SpongePowered MIXIN Annotation Processor Version=0.8.5 
(MixinGradle Version=0.7.38)
In Zeile:1 Zeichen:1
+ ./gradlew compileJava 2>&1 | Out-File -FilePath compile_output.txt; S ...
+ ~~~~~~~~~~~~~~~~~~~~~~~~~~
    + CategoryInfo          : NotSpecified: (Note: SpongePow...Version=0.7.38) 
   :String) [], RemoteException
    + FullyQualifiedErrorId : NativeCommandError
 

> Task :compileJava
Note: Supported obfuscation types: ObfuscationServiceMCP supports [notch] 
ObfuscationServiceFG3 supports [searge]
Note: Loading searge mappings from C:\Users\Luke\Documents\VS Projekte HBM 
Modernized\HBM-Modernized\build\createMcpToSrg\output.tsrg
Note: Writing refmap to C:\Users\Luke\Documents\VS Projekte HBM 
Modernized\HBM-Modernized\build\tmp\compileJava\compileJava-refmap.json
Note: Writing refmap to C:\Users\Luke\Documents\VS Projekte HBM 
Modernized\HBM-Modernized\build\tmp\compileJava\compileJava-refmap.json
Note: Writing searge composite mappings to C:\Users\Luke\Documents\VS Projekte 
HBM Modernized\HBM-Modernized\build\tmp\compileJava\compileJava-mappings.tsrg
Note: Writing refmap to C:\Users\Luke\Documents\VS Projekte HBM 
Modernized\HBM-Modernized\build\tmp\compileJava\compileJava-refmap.json
Note: Writing refmap to C:\Users\Luke\Documents\VS Projekte HBM 
Modernized\HBM-Modernized\build\tmp\compileJava\compileJava-refmap.json
Note: Writing searge composite mappings to C:\Users\Luke\Documents\VS Projekte 
HBM Modernized\HBM-Modernized\build\tmp\compileJava\compileJava-mappings.tsrg
C:\Users\Luke\Documents\VS Projekte HBM Modernized\HBM-Modernized\src\main\java
\com\hbm_m\api\fluids\ModFluids.java:72: warning: [removal] 
ResourceLocation(String,String) in ResourceLocation has been deprecated and 
marked for removal
                    private final ResourceLocation STILL = new 
ResourceLocation(MainRegistry.MOD_ID, "block/fluids/" + name);
                                                           ^
C:\Users\Luke\Documents\VS Projekte HBM Modernized\HBM-Modernized\src\main\java
\com\hbm_m\api\fluids\ModFluids.java:73: warning: [removal] 
ResourceLocation(String,String) in ResourceLocation has been deprecated and 
marked for removal
                    private final ResourceLocation FLOW = new 
ResourceLocation(MainRegistry.MOD_ID, "block/fluids/" + name);
                                                          ^
C:\Users\Luke\Documents\VS Projekte HBM Modernized\HBM-Modernized\src\main\java
\com\hbm_m\block\entity\machines\MachineIndustrialBoilerBlockEntity.java:134: 
error: method loadTank in class FluidTank cannot be applied to given types;
        waterTank.loadTank(inventory.getSlots(), SLOT_WATER_IN, 
SLOT_WATER_OUT, 
                 ^
  required: int,int,ItemStack[]
  found:    int,int,int,ItemStack[]
  reason: actual and formal argument lists differ in length
C:\Users\Luke\Documents\VS Projekte HBM Modernized\HBM-Modernized\src\main\java
\com\hbm_m\block\entity\machines\MachineIndustrialBoilerBlockEntity.java:139: 
error: method unloadTank in class FluidTank cannot be applied to given types;
        steamTank.unloadTank(inventory.getSlots(), SLOT_STEAM_IN, 
SLOT_STEAM_OUT,
                 ^
  required: int,int,ItemStack[]
  found:    int,int,int,ItemStack[]
  reason: actual and formal argument lists differ in length
C:\Users\Luke\Documents\VS Projekte HBM Modernized\HBM-Modernized\src\main\java
\com\hbm_m\block\machines\crates\CrateType.java:38: warning: [removal] 
ResourceLocation(String,String) in ResourceLocation has been deprecated and 
marked for removal
        return new ResourceLocation(RefStrings.MODID, "textures/gui/storage/" 
+ textureName + ".png");
               ^
C:\Users\Luke\Documents\VS Projekte HBM Modernized\HBM-Modernized\src\main\java
\com\hbm_m\block\machines\MachineIndustrialBoilerBlock.java:186: error: cannot 
find symbol
            return PartRole.FLUID_PORT;
                           ^
  symbol:   variable FLUID_PORT
  location: class PartRole
C:\Users\Luke\Documents\VS Projekte HBM Modernized\HBM-Modernized\src\main\java
\com\hbm_m\client\render\AbstractGpuVboRenderer.java:233: warning: [dep-ann] 
deprecated item is not annotated with @Deprecated
    private void renderIrisCompatible(PoseStack poseStack, int packedLight, 
List<BakedQuad> quads) {
                 ^
C:\Users\Luke\Documents\VS Projekte HBM Modernized\HBM-Modernized\src\main\java
\com\hbm_m\client\render\AirBombProjectileEntityRenderer.java:62: warning: 
[removal] ResourceLocation(String,String) in ResourceLocation has been 
deprecated and marked for removal
        return new ResourceLocation("minecraft", 
"textures/block/iron_block.png");
               ^
C:\Users\Luke\Documents\VS Projekte HBM Modernized\HBM-Modernized\src\main\java
\com\hbm_m\client\render\AirNukeBombProjectileEntityRenderer.java:62: warning: 
[removal] ResourceLocation(String,String) in ResourceLocation has been 
deprecated and marked for removal
        return new ResourceLocation("minecraft", 
"textures/block/iron_block.png");
               ^
C:\Users\Luke\Documents\VS Projekte HBM Modernized\HBM-Modernized\src\main\java
\com\hbm_m\client\render\AirstrikeEntityRenderer.java:62: warning: [removal] 
ResourceLocation(String,String) in ResourceLocation has been deprecated and 
marked for removal
        return new ResourceLocation("minecraft", 
"textures/block/iron_block.png");
               ^
C:\Users\Luke\Documents\VS Projekte HBM Modernized\HBM-Modernized\src\main\java
\com\hbm_m\client\render\AirstrikeNukeEntityRenderer.java:62: warning: 
[removal] ResourceLocation(String,String) in ResourceLocation has been 
deprecated and marked for removal
        return new ResourceLocation("minecraft", 
"textures/block/iron_block.png");
               ^
C:\Users\Luke\Documents\VS Projekte HBM Modernized\HBM-Modernized\src\main\java
\com\hbm_m\compat\jei\CentrifugeJeiCategory.java:46: warning: [removal] 
getBackground() in IRecipeCategory has been deprecated and marked for removal
    public IDrawable getBackground() {
                     ^
C:\Users\Luke\Documents\VS Projekte HBM Modernized\HBM-Modernized\src\main\java
\com\hbm_m\powerarmor\ModArmorFSB.java:287: warning: [removal] 
onArmorTick(ItemStack,Level,Player) in IForgeItem has been deprecated and 
marked for removal
    public void onArmorTick(@Nonnull ItemStack stack, @Nonnull Level world, 
@Nonnull Player player) {
                ^
C:\Users\Luke\Documents\VS Projekte HBM Modernized\HBM-Modernized\src\main\java
\com\hbm_m\world\biome\CraterBiomes.java:20: warning: [removal] 
ResourceLocation(String,String) in ResourceLocation has been deprecated and 
marked for removal
    public static final ResourceKey<Biome> INNER_CRATER_KEY = 
ResourceKey.create(Registries.BIOME, new ResourceLocation(MainRegistry.MOD_ID, 
"inner_crater"));
                                                                               
                    ^
C:\Users\Luke\Documents\VS Projekte HBM Modernized\HBM-Modernized\src\main\java
\com\hbm_m\world\biome\CraterBiomes.java:21: warning: [removal] 
ResourceLocation(String,String) in ResourceLocation has been deprecated and 
marked for removal
    public static final ResourceKey<Biome> OUTER_CRATER_KEY = 
ResourceKey.create(Registries.BIOME, new ResourceLocation(MainRegistry.MOD_ID, 
"outer_crater"));
                                                                               
                    ^
Note: Some input files use or override a deprecated API.
Note: Recompile with -Xlint:deprecation for details.
Note: Some input files use unchecked or unsafe operations.
Note: Recompile with -Xlint:unchecked for details.
3 errors
12 warnings

> Task :compileJava FAILED

FAILURE: Build failed with an exception.

* What went wrong:

Deprecated Gradle features were used in this build, making it incompatible with Gradle 9.0.

You can use '--warning-mode all' to show the individual deprecation warnings and determine if they come from your own scripts or plugins.

For more on this, please refer to https://docs.gradle.org/8.8/userguide/command_line_interface.html#sec:command_line_warnings in the Gradle documentation.
4 actionable tasks: 2 executed, 2 up-to-date
Execution failed for task ':compileJava'.
> Compilation failed; see the compiler error output for details.

* Try:
> Run with --info option to get more log output.
> Run with --scan to get full insights.

BUILD FAILED in 10s
